Traceback (most recent call last):
  File "/Users/adriankriger/miniconda3/envs/geo3D_wrkshp02/lib/python3.9/site-packages/jupyter_cache/executors/utils.py", line 58, in single_nb_execution
    executenb(
  File "/Users/adriankriger/miniconda3/envs/geo3D_wrkshp02/lib/python3.9/site-packages/nbclient/client.py", line 1319, in execute
    return NotebookClient(nb=nb, resources=resources, km=km, **kwargs).execute()
  File "/Users/adriankriger/miniconda3/envs/geo3D_wrkshp02/lib/python3.9/site-packages/jupyter_core/utils/__init__.py", line 165, in wrapped
    return loop.run_until_complete(inner)
  File "/Users/adriankriger/miniconda3/envs/geo3D_wrkshp02/lib/python3.9/asyncio/base_events.py", line 647, in run_until_complete
    return future.result()
  File "/Users/adriankriger/miniconda3/envs/geo3D_wrkshp02/lib/python3.9/site-packages/nbclient/client.py", line 709, in async_execute
    await self.async_execute_cell(
  File "/Users/adriankriger/miniconda3/envs/geo3D_wrkshp02/lib/python3.9/site-packages/nbclient/client.py", line 1062, in async_execute_cell
    await self._check_raise_for_error(cell, cell_index, exec_reply)
  File "/Users/adriankriger/miniconda3/envs/geo3D_wrkshp02/lib/python3.9/site-packages/nbclient/client.py", line 918, in _check_raise_for_error
    raise CellExecutionError.from_cell_and_msg(cell, exec_reply_content)
nbclient.exceptions.CellExecutionError: An error occurred while executing the following cell:
------------------
#- define a tile server to feed pydeck with a basemap for the interactive visualisation

import threading
import logging

from vector_tileserver import app, configure

# Reduce default Flask logging
log = logging.getLogger('werkzeug')
log.setLevel(logging.WARNING)               # Only show warnings and errors

# configure before starting
AREA_NAME = "capeTown"                      #- this is the name of the './data/{file-name}.mbtiles' file. The .mbtiles file-name must match this name here.
PORT = 8080                                 #- choose port [5000, 8000, 8080]

# configure tile server
configure(AREA_NAME, port=PORT)

def run_server():
    app.run(port=PORT)  #

thread = threading.Thread(target=run_server, daemon=True)
thread.start()
print(f"Tile server running on http://localhost:{PORT}")
------------------


[0;31m---------------------------------------------------------------------------[0m
[0;31mModuleNotFoundError[0m                       Traceback (most recent call last)
Cell [0;32mIn[2], line 6[0m
[1;32m      3[0m [38;5;28;01mimport[39;00m[38;5;250m [39m[38;5;21;01mthreading[39;00m
[1;32m      4[0m [38;5;28;01mimport[39;00m[38;5;250m [39m[38;5;21;01mlogging[39;00m
[0;32m----> 6[0m [38;5;28;01mfrom[39;00m[38;5;250m [39m[38;5;21;01mvector_tileserver[39;00m[38;5;250m [39m[38;5;28;01mimport[39;00m app, configure
[1;32m      8[0m [38;5;66;03m# Reduce default Flask logging[39;00m
[1;32m      9[0m log [38;5;241m=[39m logging[38;5;241m.[39mgetLogger([38;5;124m'[39m[38;5;124mwerkzeug[39m[38;5;124m'[39m)

File [0;32m~/Documents/osm_LoD1_3DCityModel/geo3D_wrkshp/tutorial/notebooks/vector_tileserver.py:10[0m
[1;32m      1[0m [38;5;66;03m# vector_tileserver02.py[39;00m
[1;32m      2[0m [38;5;66;03m#########################[39;00m
[1;32m      3[0m [38;5;66;03m# helper functions to render .mbtiles as a basemap inside pydeck[39;00m
[0;32m   (...)[0m
[1;32m      7[0m 
[1;32m      8[0m [38;5;66;03m#########################[39;00m
[0;32m---> 10[0m [38;5;28;01mfrom[39;00m[38;5;250m [39m[38;5;21;01mflask[39;00m[38;5;250m [39m[38;5;28;01mimport[39;00m Flask, Response, abort
[1;32m     11[0m [38;5;28;01mimport[39;00m[38;5;250m [39m[38;5;21;01msqlite3[39;00m
[1;32m     12[0m [38;5;28;01mimport[39;00m[38;5;250m [39m[38;5;21;01mos[39;00m

[0;31mModuleNotFoundError[0m: No module named 'flask'

