Traceback (most recent call last):
  File "/Users/adriankriger/miniconda3/envs/geo3D_wrkshp02/lib/python3.9/site-packages/jupyter_cache/executors/utils.py", line 58, in single_nb_execution
    executenb(
  File "/Users/adriankriger/miniconda3/envs/geo3D_wrkshp02/lib/python3.9/site-packages/nbclient/client.py", line 1319, in execute
    return NotebookClient(nb=nb, resources=resources, km=km, **kwargs).execute()
  File "/Users/adriankriger/miniconda3/envs/geo3D_wrkshp02/lib/python3.9/site-packages/jupyter_core/utils/__init__.py", line 165, in wrapped
    return loop.run_until_complete(inner)
  File "/Users/adriankriger/miniconda3/envs/geo3D_wrkshp02/lib/python3.9/asyncio/base_events.py", line 647, in run_until_complete
    return future.result()
  File "/Users/adriankriger/miniconda3/envs/geo3D_wrkshp02/lib/python3.9/site-packages/nbclient/client.py", line 709, in async_execute
    await self.async_execute_cell(
  File "/Users/adriankriger/miniconda3/envs/geo3D_wrkshp02/lib/python3.9/site-packages/nbclient/client.py", line 1062, in async_execute_cell
    await self._check_raise_for_error(cell, cell_index, exec_reply)
  File "/Users/adriankriger/miniconda3/envs/geo3D_wrkshp02/lib/python3.9/site-packages/nbclient/client.py", line 918, in _check_raise_for_error
    raise CellExecutionError.from_cell_and_msg(cell, exec_reply_content)
nbclient.exceptions.CellExecutionError: An error occurred while executing the following cell:
------------------
start = time.time()

aoi = city3D.extract_boundaries_by_name(input_pbf, jparams)#, country='yes', place_type='neighbourhood')

end = time.time()
print('runtime:', str(timedelta(seconds=(end - start))))

# Drop rows where geometry is None or NaN
aoi = aoi.dropna(subset=['geometry'])
aoi = aoi.set_crs(4326, allow_override=True)

# gt the bounding box (BBOX) of the GeoJSON boundary
minx, miny, maxx, maxy = aoi.total_bounds
bbox_filter = "-spat", str(minx), str(miny), str(maxx), str(maxy)
aoi.head(2)
------------------


[0;31m---------------------------------------------------------------------------[0m
[0;31mRuntimeError[0m                              Traceback (most recent call last)
Cell [0;32mIn[5], line 3[0m
[1;32m      1[0m start [38;5;241m=[39m time[38;5;241m.[39mtime()
[0;32m----> 3[0m aoi [38;5;241m=[39m [43mcity3D[49m[38;5;241;43m.[39;49m[43mextract_boundaries_by_name[49m[43m([49m[43minput_pbf[49m[43m,[49m[43m [49m[43mjparams[49m[43m)[49m[38;5;66;03m#, country='yes', place_type='neighbourhood')[39;00m
[1;32m      5[0m end [38;5;241m=[39m time[38;5;241m.[39mtime()
[1;32m      6[0m [38;5;28mprint[39m([38;5;124m'[39m[38;5;124mruntime:[39m[38;5;124m'[39m, [38;5;28mstr[39m(timedelta(seconds[38;5;241m=[39m(end [38;5;241m-[39m start))))

File [0;32m~/Documents/osm_LoD1_3DCityModel/geo3D_wrkshp/tutorial/notebooks/city3D.py:676[0m, in [0;36mextract_boundaries_by_name[0;34m(input_pbf, jparams)[0m
[1;32m    674[0m place_filter [38;5;241m=[39m [38;5;124m"[39m[38;5;124m OR [39m[38;5;124m"[39m[38;5;241m.[39mjoin([[38;5;124mf[39m[38;5;124m"[39m[38;5;124mplace = [39m[38;5;124m'[39m[38;5;132;01m{[39;00mp[38;5;132;01m}[39;00m[38;5;124m'[39m[38;5;124m"[39m [38;5;28;01mfor[39;00m p [38;5;129;01min[39;00m place_types])
[1;32m    675[0m where_filter [38;5;241m=[39m [38;5;124mf[39m[38;5;124m"[39m[38;5;124mname = [39m[38;5;124m'[39m[38;5;132;01m{[39;00mboundary_name[38;5;132;01m}[39;00m[38;5;124m'[39m[38;5;124m AND ([39m[38;5;132;01m{[39;00mplace_filter[38;5;132;01m}[39;00m[38;5;124m)[39m[38;5;124m"[39m
[0;32m--> 676[0m [43mgdal[49m[38;5;241;43m.[39;49m[43mVectorTranslate[49m[43m([49m
[1;32m    677[0m [43m    [49m[43mgeojson_vsimem[49m[43m,[49m
[1;32m    678[0m [43m    [49m[43minput_pbf[49m[43m,[49m
[1;32m    679[0m [43m    [49m[38;5;28;43mformat[39;49m[38;5;241;43m=[39;49m[38;5;124;43m"[39;49m[38;5;124;43mGeoJSON[39;49m[38;5;124;43m"[39;49m[43m,[49m
[1;32m    680[0m [43m    [49m[43mlayers[49m[38;5;241;43m=[39;49m[43m[[49m[38;5;124;43m"[39;49m[38;5;124;43mmultipolygons[39;49m[38;5;124;43m"[39;49m[43m][49m[43m,[49m
[1;32m    681[0m [43m    [49m[43moptions[49m[38;5;241;43m=[39;49m[43m[[49m[38;5;124;43m"[39;49m[38;5;124;43m-where[39;49m[38;5;124;43m"[39;49m[43m,[49m[43m [49m[43mwhere_filter[49m[43m,[49m[43m [49m[38;5;124;43m"[39;49m[38;5;124;43m-makevalid[39;49m[38;5;124;43m"[39;49m[43m][49m
[1;32m    682[0m [43m[49m[43m)[49m
[1;32m    683[0m gdf [38;5;241m=[39m gpd[38;5;241m.[39mread_file(geojson_vsimem)
[1;32m    684[0m gdal[38;5;241m.[39mUnlink(geojson_vsimem)

File [0;32m~/miniconda3/envs/geo3D_wrkshp02/lib/python3.9/site-packages/osgeo/gdal.py:1392[0m, in [0;36mVectorTranslate[0;34m(destNameOrDestDS, srcDS, **kwargs)[0m
[1;32m   1390[0m     (opts, callback, callback_data) [38;5;241m=[39m kwargs[[38;5;124m'[39m[38;5;124moptions[39m[38;5;124m'[39m]
[1;32m   1391[0m [38;5;28;01mif[39;00m [38;5;28misinstance[39m(srcDS, [38;5;28mstr[39m):
[0;32m-> 1392[0m     srcDS [38;5;241m=[39m [43mOpenEx[49m[43m([49m[43msrcDS[49m[43m,[49m[43m [49m[43mgdalconst[49m[38;5;241;43m.[39;49m[43mOF_VECTOR[49m[43m)[49m
[1;32m   1394[0m [38;5;28;01mif[39;00m [38;5;28misinstance[39m(destNameOrDestDS, [38;5;28mstr[39m):
[1;32m   1395[0m     [38;5;28;01mreturn[39;00m wrapper_GDALVectorTranslateDestName(destNameOrDestDS, srcDS, opts, callback, callback_data)

File [0;32m~/miniconda3/envs/geo3D_wrkshp02/lib/python3.9/site-packages/osgeo/gdal.py:5318[0m, in [0;36mOpenEx[0;34m(*args, **kwargs)[0m
[1;32m   5313[0m [38;5;250m[39m[38;5;124mr[39m[38;5;124;03m"""OpenEx(char const * utf8_path, unsigned int nOpenFlags=0, char ** allowed_drivers=None, char ** open_options=None, char ** sibling_files=None) -> Dataset"""[39;00m
[1;32m   5315[0m _WarnIfUserHasNotSpecifiedIfUsingExceptions()
[0;32m-> 5318[0m [38;5;28;01mreturn[39;00m [43m_gdal[49m[38;5;241;43m.[39;49m[43mOpenEx[49m[43m([49m[38;5;241;43m*[39;49m[43margs[49m[43m,[49m[43m [49m[38;5;241;43m*[39;49m[38;5;241;43m*[39;49m[43mkwargs[49m[43m)[49m

[0;31mRuntimeError[0m: ./data/CapeTownNew.osm.pbf: No such file or directory

